0001: OK
0002: OK
0003: OK
0004: OK
0005: OK
0006: OK
0007: OK
0008: OK
0009: OK
000a: OK
000b: OK
000c: OK
000d: OK
000e: OK
000f: OK
0010: OK
0011: OK
0012: OK
0013: OK
0014: OK
0015: OK
0016: OK
