0001: OK
0002: OK
0003: OK
0004: OK
0005: OK
0006: OK
0007: OK
